// Vitest Snapshot v1, https://vitest.dev/guide/snapshot.html

exports[`Golden regression — baseline 20 chặng (mock, deterministic) > fingerprint 20 chặng của SKU-001 khớp baseline 1`] = `
{
  "Chặng 01": {
    "cycles": 0,
    "days": 1245,
    "firstDate": "2023-01-03",
    "lastDate": "2026-05-31",
    "referenceOnlyDays": 0,
  },
  "Chặng 02": {
    "reviewRequired": 0,
    "stockoutReasons": {
      "ALL_DAY_STOCKOUT_CANDIDATE": 5,
      "LATE_RECEIPT_STOCKOUT": 9,
    },
    "stockouts": 14,
  },
  "Chặng 03": {
    "baseDemandSum": 7593.5,
    "baseSources": {
      "CLEAN_OBSERVED_SALE": 1192,
      "PROMOTION_UNRESOLVED": 39,
      "STOCKOUT_BASELINE": 14,
    },
  },
  "Chặng 04": {
    "baseDemandSum": 7830.5,
    "baseSources": {
      "CLEAN_OBSERVED_SALE": 1192,
      "PROMOTION_BASELINE": 39,
      "STOCKOUT_BASELINE": 14,
    },
  },
  "Chặng 05": {
    "baseSources": {
      "CLEAN_OBSERVED_SALE": 1192,
      "PROMOTION_BASELINE": 39,
      "STOCKOUT_BASELINE": 14,
    },
    "technicalFillDays": 0,
    "unresolvedDays": 0,
  },
  "Chặng 06": {
    "cycles": [
      "#1 LOCKED_OBSERVED L B=94 clean=15 lift=0 promo=0 fill=0 fb=0 unres=0 src=15 season=1/1",
      "#2 LOCKED_OBSERVED L B=93 clean=15 lift=0 promo=0 fill=0 fb=0 unres=0 src=15 season=1/2",
      "#3 LOCKED_OBSERVED L B=95 clean=15 lift=0 promo=0 fill=0 fb=0 unres=0 src=15 season=1/3",
      "#4 LOCKED_OBSERVED L B=92 clean=15 lift=0 promo=0 fill=0 fb=0 unres=0 src=15 season=1/4",
      "#5 LOCKED_ADJUSTED L B=94 clean=12 lift=0 promo=3 fill=0 fb=0 unres=0 src=15 season=1/5",
      "#6 LOCKED_OBSERVED L B=94 clean=15 lift=0 promo=0 fill=0 fb=0 unres=0 src=15 season=1/6",
      "#7 LOCKED_OBSERVED L B=95 clean=15 lift=0 promo=0 fill=0 fb=0 unres=0 src=15 season=1/7",
      "#8 LOCKED_OBSERVED L B=95 clean=15 lift=0 promo=0 fill=0 fb=0 unres=0 src=15 season=1/8",
      "#9 LOCKED_OBSERVED L B=95 clean=15 lift=0 promo=0 fill=0 fb=0 unres=0 src=15 season=1/9",
      "#10 LOCKED_ADJUSTED L B=93 clean=14 lift=1 promo=0 fill=0 fb=0 unres=0 src=15 season=1/10",
      "#11 LOCKED_ADJUSTED L B=94 clean=12 lift=0 promo=3 fill=0 fb=0 unres=0 src=15 season=1/11",
      "#12 LOCKED_OBSERVED L B=98 clean=15 lift=0 promo=0 fill=0 fb=0 unres=0 src=15 season=1/12",
      "#13 LOCKED_OBSERVED L B=94 clean=15 lift=0 promo=0 fill=0 fb=0 unres=0 src=15 season=1/13",
      "#14 LOCKED_OBSERVED L B=91 clean=15 lift=0 promo=0 fill=0 fb=0 unres=0 src=15 season=1/14",
      "#15 LOCKED_ADJUSTED L B=88 clean=14 lift=1 promo=0 fill=0 fb=0 unres=0 src=15 season=1/15",
      "#16 LOCKED_OBSERVED L B=95 clean=15 lift=0 promo=0 fill=0 fb=0 unres=0 src=15 season=1/16",
      "#17 LOCKED_ADJUSTED L B=94 clean=12 lift=0 promo=3 fill=0 fb=0 unres=0 src=15 season=1/17",
      "#18 LOCKED_OBSERVED L B=96 clean=15 lift=0 promo=0 fill=0 fb=0 unres=0 src=15 season=1/18",
      "#19 LOCKED_ADJUSTED L B=96 clean=14 lift=1 promo=0 fill=0 fb=0 unres=0 src=15 season=1/19",
      "#20 LOCKED_OBSERVED L B=96 clean=15 lift=0 promo=0 fill=0 fb=0 unres=0 src=15 season=1/20",
      "#21 LOCKED_OBSERVED L B=96 clean=15 lift=0 promo=0 fill=0 fb=0 unres=0 src=15 season=1/21",
      "#22 LOCKED_OBSERVED L B=95 clean=15 lift=0 promo=0 fill=0 fb=0 unres=0 src=15 season=1/22",
      "#23 LOCKED_ADJUSTED L B=95 clean=12 lift=0 promo=3 fill=0 fb=0 unres=0 src=15 season=1/23",
      "#24 LOCKED_OBSERVED L B=97 clean=15 lift=0 promo=0 fill=0 fb=0 unres=0 src=15 season=1/24",
      "#25 LOCKED_OBSERVED L B=96 clean=15 lift=0 promo=0 fill=0 fb=0 unres=0 src=15 season=2/1",
      "#26 LOCKED_OBSERVED L B=98 clean=15 lift=0 promo=0 fill=0 fb=0 unres=0 src=15 season=2/2",
      "#27 LOCKED_OBSERVED L B=95 clean=15 lift=0 promo=0 fill=0 fb=0 unres=0 src=15 season=2/3",
      "#28 LOCKED_ADJUSTED L B=91 clean=14 lift=1 promo=0 fill=0 fb=0 unres=0 src=15 season=2/4",
      "#29 LOCKED_ADJUSTED L B=94 clean=12 lift=0 promo=3 fill=0 fb=0 unres=0 src=15 season=2/5",
      "#30 LOCKED_ADJUSTED L B=87 clean=14 lift=1 promo=0 fill=0 fb=0 unres=0 src=15 season=2/6",
      "#31 LOCKED_OBSERVED L B=93 clean=15 lift=0 promo=0 fill=0 fb=0 unres=0 src=15 season=2/7",
      "#32 LOCKED_OBSERVED L B=93 clean=15 lift=0 promo=0 fill=0 fb=0 unres=0 src=15 season=2/8",
      "#33 LOCKED_OBSERVED L B=96 clean=15 lift=0 promo=0 fill=0 fb=0 unres=0 src=15 season=2/9",
      "#34 LOCKED_OBSERVED L B=94 clean=15 lift=0 promo=0 fill=0 fb=0 unres=0 src=15 season=2/10",
      "#35 LOCKED_ADJUSTED L B=93 clean=12 lift=0 promo=3 fill=0 fb=0 unres=0 src=15 season=2/11",
      "#36 LOCKED_OBSERVED L B=94 clean=15 lift=0 promo=0 fill=0 fb=0 unres=0 src=15 season=2/12",
      "#37 LOCKED_ADJUSTED L B=94 clean=14 lift=1 promo=0 fill=0 fb=0 unres=0 src=15 season=2/13",
      "#38 LOCKED_OBSERVED L B=95 clean=15 lift=0 promo=0 fill=0 fb=0 unres=0 src=15 season=2/14",
      "#39 LOCKED_OBSERVED L B=97 clean=15 lift=0 promo=0 fill=0 fb=0 unres=0 src=15 season=2/15",
      "#40 LOCKED_OBSERVED L B=93 clean=15 lift=0 promo=0 fill=0 fb=0 unres=0 src=15 season=2/16",
      "#41 LOCKED_ADJUSTED L B=92 clean=12 lift=0 promo=3 fill=0 fb=0 unres=0 src=15 season=2/17",
      "#42 LOCKED_OBSERVED L B=97 clean=15 lift=0 promo=0 fill=0 fb=0 unres=0 src=15 season=2/18",
      "#43 LOCKED_OBSERVED L B=93 clean=15 lift=0 promo=0 fill=0 fb=0 unres=0 src=15 season=2/19",
      "#44 LOCKED_OBSERVED L B=95 clean=15 lift=0 promo=0 fill=0 fb=0 unres=0 src=15 season=2/20",
      "#45 LOCKED_ADJUSTED L B=88 clean=14 lift=1 promo=0 fill=0 fb=0 unres=0 src=15 season=2/21",
      "#46 LOCKED_ADJUSTED L B=96.5 clean=14 lift=1 promo=0 fill=0 fb=0 unres=0 src=15 season=2/22",
      "#47 LOCKED_ADJUSTED L B=93 clean=12 lift=0 promo=3 fill=0 fb=0 unres=0 src=15 season=2/23",
      "#48 LOCKED_OBSERVED L B=93 clean=15 lift=0 promo=0 fill=0 fb=0 unres=0 src=15 season=2/24",
      "#49 LOCKED_OBSERVED L B=94 clean=15 lift=0 promo=0 fill=0 fb=0 unres=0 src=15 season=3/1",
      "#50 LOCKED_OBSERVED L B=95 clean=15 lift=0 promo=0 fill=0 fb=0 unres=0 src=15 season=3/2",
      "#51 LOCKED_OBSERVED L B=93 clean=15 lift=0 promo=0 fill=0 fb=0 unres=0 src=15 season=3/3",
      "#52 LOCKED_OBSERVED L B=94 clean=15 lift=0 promo=0 fill=0 fb=0 unres=0 src=15 season=3/4",
      "#53 LOCKED_ADJUSTED L B=90 clean=12 lift=0 promo=3 fill=0 fb=0 unres=0 src=15 season=3/5",
      "#54 LOCKED_OBSERVED L B=97 clean=15 lift=0 promo=0 fill=0 fb=0 unres=0 src=15 season=3/6",
      "#55 LOCKED_ADJUSTED L B=97 clean=14 lift=1 promo=0 fill=0 fb=0 unres=0 src=15 season=3/7",
      "#56 LOCKED_OBSERVED L B=95 clean=15 lift=0 promo=0 fill=0 fb=0 unres=0 src=15 season=3/8",
      "#57 LOCKED_OBSERVED L B=97 clean=15 lift=0 promo=0 fill=0 fb=0 unres=0 src=15 season=3/9",
      "#58 LOCKED_OBSERVED L B=99 clean=15 lift=0 promo=0 fill=0 fb=0 unres=0 src=15 season=3/10",
      "#59 LOCKED_ADJUSTED L B=94 clean=14 lift=0 promo=1 fill=0 fb=0 unres=0 src=15 season=3/11",
      "#60 LOCKED_ADJUSTED L B=85 clean=12 lift=1 promo=2 fill=0 fb=0 unres=0 src=15 season=3/12",
      "#61 LOCKED_OBSERVED L B=97 clean=15 lift=0 promo=0 fill=0 fb=0 unres=0 src=15 season=3/13",
      "#62 LOCKED_OBSERVED L B=92 clean=15 lift=0 promo=0 fill=0 fb=0 unres=0 src=15 season=3/14",
      "#63 LOCKED_OBSERVED L B=94 clean=15 lift=0 promo=0 fill=0 fb=0 unres=0 src=15 season=3/15",
      "#64 LOCKED_ADJUSTED L B=93 clean=14 lift=1 promo=0 fill=0 fb=0 unres=0 src=15 season=3/16",
      "#65 LOCKED_OBSERVED L B=96 clean=15 lift=0 promo=0 fill=0 fb=0 unres=0 src=15 season=3/17",
      "#66 LOCKED_ADJUSTED L B=99 clean=12 lift=0 promo=3 fill=0 fb=0 unres=0 src=15 season=3/18",
      "#67 LOCKED_OBSERVED L B=94 clean=15 lift=0 promo=0 fill=0 fb=0 unres=0 src=15 season=3/19",
      "#68 LOCKED_OBSERVED L B=94 clean=15 lift=0 promo=0 fill=0 fb=0 unres=0 src=15 season=3/20",
      "#69 LOCKED_OBSERVED L B=98 clean=15 lift=0 promo=0 fill=0 fb=0 unres=0 src=15 season=3/21",
      "#70 LOCKED_OBSERVED L B=93 clean=15 lift=0 promo=0 fill=0 fb=0 unres=0 src=15 season=3/22",
      "#71 LOCKED_OBSERVED L B=94 clean=15 lift=0 promo=0 fill=0 fb=0 unres=0 src=15 season=3/23",
      "#72 LOCKED_ADJUSTED L B=97 clean=12 lift=0 promo=3 fill=0 fb=0 unres=0 src=15 season=3/24",
      "#73 LOCKED_OBSERVED L B=99 clean=15 lift=0 promo=0 fill=0 fb=0 unres=0 src=15 season=4/1",
      "#74 LOCKED_ADJUSTED L B=97 clean=14 lift=1 promo=0 fill=0 fb=0 unres=0 src=15 season=4/2",
      "#75 LOCKED_ADJUSTED L B=90 clean=14 lift=1 promo=0 fill=0 fb=0 unres=0 src=15 season=4/3",
      "#76 LOCKED_OBSERVED L B=95 clean=15 lift=0 promo=0 fill=0 fb=0 unres=0 src=15 season=4/4",
      "#77 LOCKED_OBSERVED L B=92 clean=15 lift=0 promo=0 fill=0 fb=0 unres=0 src=15 season=4/5",
      "#78 LOCKED_ADJUSTED L B=95 clean=12 lift=0 promo=3 fill=0 fb=0 unres=0 src=15 season=4/6",
      "#79 LOCKED_OBSERVED L B=96 clean=15 lift=0 promo=0 fill=0 fb=0 unres=0 src=15 season=4/7",
      "#80 LOCKED_OBSERVED L B=98 clean=15 lift=0 promo=0 fill=0 fb=0 unres=0 src=15 season=4/8",
      "#81 LOCKED_OBSERVED L B=92 clean=15 lift=0 promo=0 fill=0 fb=0 unres=0 src=15 season=4/9",
      "#82 LOCKED_OBSERVED L B=95 clean=15 lift=0 promo=0 fill=0 fb=0 unres=0 src=15 season=4/10",
      "#83 LOCKED_ADJUSTED L B=95 clean=14 lift=1 promo=0 fill=0 fb=0 unres=0 src=15 season=4/11",
    ],
  },
  "Chặng 07": {
    "abc": "B",
    "abcOfficial": false,
    "abcRank": 4,
    "abcStatus": "full",
    "annualQuantity": 2270,
    "annualValue": 429030000,
    "annualizationFactor": 1,
    "cumulativeShare": 0.8339079874371995,
    "lockedCycles": 24,
    "periodQuantity": 2270,
    "valueShare": 0.14129551351070332,
  },
  "Chặng 08": {
    "adi": 1,
    "classificationBlockReason": null,
    "classificationStatus": "CLASSIFIED",
    "cv2": 0.001042519746162355,
    "dSubtype": null,
    "m": 24,
    "n": 24,
    "xyz": "X",
  },
  "Chặng 09": {
    "capitalPriority": "Cao",
    "serviceLevel": 95,
  },
  "Chặng 10": {
    "seasonality": "not-applicable",
  },
  "Chặng 11": {
    "trend": "insufficient",
    "trendRates": [
      null,
      null,
    ],
  },
  "Chặng 12": {
    "baseForecast": [
      94.66393546017497,
      94.66393546017497,
      94.66393546017497,
      94.66393546017497,
      94.66393546017497,
      94.66393546017497,
    ],
    "bias": -0.00470193751630778,
    "controlModel": "SES",
    "controlWape": 0.02105866538152372,
    "falsePulses": 0,
    "futureSources": null,
    "hitRate": 1,
    "lockStatus": "review",
    "missedPulses": 0,
    "model": "SES",
    "nrmse": 0.0264235693863071,
    "pStar": null,
    "params": {
      "alpha": 0.05,
    },
    "reason": "Nhóm X không có xu hướng rõ → SES nền ổn định [C11 §3, nhánh 11X].",
    "reliability": "ok",
    "rmse": 2.5102390916991744,
    "rpScan": [
      {
        "p": 2,
        "r": 0.026287498647102326,
        "status": "below-threshold",
      },
      {
        "p": 3,
        "r": -0.11676933067413414,
        "status": "below-threshold",
      },
      {
        "p": 4,
        "r": -0.012778087817386067,
        "status": "below-threshold",
      },
      {
        "p": 5,
        "r": -0.1488557136859765,
        "status": "below-threshold",
      },
      {
        "p": 6,
        "r": -0.24435469032252208,
        "status": "below-threshold",
      },
      {
        "p": 7,
        "r": 0.03370566622994374,
        "status": "below-threshold",
      },
      {
        "p": 8,
        "r": 0.047600441943004425,
        "status": "below-threshold",
      },
      {
        "p": 9,
        "r": -0.09665774481481497,
        "status": "below-threshold",
      },
      {
        "p": 10,
        "r": -0.13141418960574505,
        "status": "below-threshold",
      },
      {
        "p": 11,
        "r": -0.029266336096337414,
        "status": "below-threshold",
      },
      {
        "p": 12,
        "r": -0.07229661011291144,
        "status": "below-threshold",
      },
    ],
    "wape": 0.02105866538152372,
    "wapePositive": 0.02105866538152372,
  },
  "Chặng 13": {
    "promoConfidence": "auto",
    "promoFactor": 1.5,
  },
  "Chặng 14": {
    "finalForecast": [
      94.66393546017497,
      110.4412580368708,
      94.66393546017497,
      94.66393546017497,
      110.4412580368708,
      94.66393546017497,
    ],
    "finalForecastStatus": "FUTURE_PROMO_APPLIED",
  },
  "Chặng 15": {
    "availableStockAudit": {
      "actualStock": 326,
      "availableStock": 326,
      "blockedStock": 0,
      "damagedStock": 0,
      "heldStock": 0,
      "mismatch": false,
      "unsellableStock": 0,
    },
    "excludedLots": [
      {
        "lotId": "SKU-001-LOT-3",
        "quantity": 50,
        "reason": "Đang đàm phán/lên kế hoạch — chưa được nhà cung cấp xác nhận, không cộng vào hàng tự do.",
        "reliability": "planned",
      },
    ],
    "freeStock": 479,
    "supplyMilestones": [
      {
        "committed": 0,
        "confirmedInbound": 0,
        "date": "2026-06-01",
        "freeStock": 326,
        "label": "Ngày chạy kế hoạch",
        "onHand": 326,
      },
      {
        "committed": 13,
        "confirmedInbound": 0,
        "date": "2026-06-16",
        "freeStock": 313,
        "label": "Đơn giữ hàng/điều chuyển",
        "onHand": 326,
      },
      {
        "committed": 13,
        "confirmedInbound": 100,
        "date": "2026-07-16",
        "freeStock": 413,
        "label": "Lô đã xác nhận ETA",
        "onHand": 326,
      },
      {
        "committed": 22,
        "confirmedInbound": 100,
        "date": "2026-07-31",
        "freeStock": 404,
        "label": "Cam kết kênh bán",
        "onHand": 326,
      },
      {
        "committed": 22,
        "confirmedInbound": 100,
        "date": "2026-08-15",
        "freeStock": 404,
        "label": "Lô đang đàm phán — không cộng",
        "onHand": 326,
      },
      {
        "committed": 22,
        "confirmedInbound": 175,
        "date": "2026-09-14",
        "freeStock": 479,
        "label": "Lô bổ sung kế tiếp",
        "onHand": 326,
      },
    ],
    "supplyStatus": {
      "pendingVerification": false,
      "reasons": [],
    },
  },
  "Chặng 16": {
    "safetyStock": 21,
    "safetyStockAudit": {
      "dBar": 99.92304298574025,
      "formula": "full",
      "ltBarCycles": 8,
      "ltBarDays": 120,
      "maxProtectable": 600,
      "method": "percentile",
      "percentileSample": [
        11.897480319667181,
        16.39473602832527,
        18.14261005768236,
        18.284462340928883,
        19.11593877664957,
        19.217947774663514,
        20.0049546305044,
        20.111691060248873,
        20.196645388263022,
      ],
      "protection": 21,
      "serviceLevel": 95,
      "serviceLevelSearch": [
        {
          "candidate": 95,
          "failedConditions": [
            "Điều kiện 2 — tỷ lệ vượt tồn an toàn 11% cao hơn ngưỡng 5%.",
          ],
          "passed": false,
        },
        {
          "candidate": 97,
          "failedConditions": [
            "Điều kiện 2 — tỷ lệ vượt tồn an toàn 11% cao hơn ngưỡng 5%.",
          ],
          "passed": false,
        },
        {
          "candidate": 97.5,
          "failedConditions": [
            "Điều kiện 2 — tỷ lệ vượt tồn an toàn 11% cao hơn ngưỡng 5%.",
          ],
          "passed": false,
        },
        {
          "candidate": 99,
          "failedConditions": [
            "Điều kiện 2 — tỷ lệ vượt tồn an toàn 11% cao hơn ngưỡng 5%.",
          ],
          "passed": false,
        },
      ],
      "sigmaD": 2.5511876751911253,
      "sigmaDObservationCount": 16,
      "sigmaDSource": "backtest",
      "sigmaLtCycles": 1.2,
      "sigmaLtDays": 18,
      "sourceTier": "sku-history",
      "unfeasiblePolicy": true,
      "unmetProtection": 0,
      "warnings": [
        "Không mức phục vụ nào trong danh sách dò đạt đủ 4 điều kiện chính sách; giữ mức sàn Chặng 8 và cần duyệt ngoại lệ.",
      ],
      "z": 1.65,
    },
  },
  "Chặng 17": {
    "capacityRisk": false,
    "cartonsOrdered": 142,
    "consolidationStatus": "not-applicable",
    "coverageCycles": 6,
    "coverageDays": 135,
    "daysToStockout": 75,
    "demandCover": 599.5382579144415,
    "expiryRisk": false,
    "freeStock": 479,
    "moq": 24,
    "moqSurplus": 0.46174208555851237,
    "orderQuantity": 142,
    "rawQuantity": 141.5382579144415,
    "shortageBeforeNewLot": 195.5382579144415,
    "warnings": [
      "Dự kiến thiếu 196 sản phẩm trước khi lô mới về.",
    ],
  },
  "Chặng 18": {
    "additionalForProtection": 20.538257914441488,
    "atRiskQuantity": 0.46174208555851237,
    "basket": 2,
    "cutQuantity": 0,
    "fundedQuantity": 142,
    "fundedValue": 5680000,
    "landedCostIsEstimate": true,
    "minimumToAvoidShortage": 121,
    "orderValue": 5680000,
    "overBudgetProposal": null,
    "priorityRank": 2,
    "reason": "Được cấp đủ theo 3 rổ phân bổ.",
    "status": "funded-full",
  },
  "Chặng 19": {
    "duplicateReleaseBlocked": false,
    "purchaseOrderGroupKey": null,
    "quantityAfterApproval": 0,
    "quantityBeforeApproval": 142,
    "reasons": [
      "Không mức phục vụ nào trong danh sách dò đạt đủ 4 điều kiện chính sách; giữ mức sàn Chặng 8 và cần duyệt ngoại lệ.",
      "Có nguy cơ thiếu 196 sản phẩm trước khi lô mới về.",
    ],
    "releasedQuantity": 0,
    "status": "awaiting-approval",
  },
  "Chặng 20": {
    "actualDemand": 599,
    "averageReceiptDelayDays": 1.3333333333333333,
    "baseForecastBias": 0.015162846757908513,
    "baseForecastNrmse": 0.048774958577526215,
    "baseForecastRmse": 4.548264887354319,
    "baseForecastWape": 0.045576407506702415,
    "budgetCutUnits": 0,
    "budgetVariance": -4360000,
    "contributingCauses": [
      "Thiếu hàng đi kèm hàng về trễ; ưu tiên kiểm tra Chặng 14.",
      "Số lượng bị giảm do quyết định thủ công ở Chặng 18.",
      "Dư tồn do làm tròn MOQ hoặc điều kiện mua hàng của nhà cung cấp.",
    ],
    "endingStock": 26,
    "evidence": [
      "Sai số WAPE dự báo cuối: 3.7%.",
      "Thiếu hàng thực tế: 120 sản phẩm.",
      "Trễ nhận hàng bình quân: 1.3 ngày.",
      "Ngân sách bị cắt: 0 sản phẩm · Giảm do duyệt thủ công: 142 sản phẩm.",
    ],
    "finalForecastBias": 0.0008985941810375419,
    "finalForecastNrmse": 0.040033620422426475,
    "finalForecastRmse": 3.9966897721722425,
    "forecastWape": 0.03692401323248479,
    "leadTimeActualDays": 121.33333333333333,
    "manualReductionUnits": 142,
    "moqSurplusResidual": 0.46174208555851237,
    "primaryCause": "Thiếu hàng đi kèm hàng về trễ; ưu tiên kiểm tra Chặng 14.",
    "proposal": "Đề xuất kiểm chứng lại lead time theo nhà cung cấp ở phiên chính sách tương lai.",
    "proposalStatus": "future-version",
    "receiptDelayDaysVsPlan": 1.3333333333333333,
    "stockoutUnits": 120,
  },
}
`;

exports[`Golden regression — baseline 20 chặng (mock, deterministic) > fingerprint 20 chặng của SKU-002 khớp baseline 1`] = `
{
  "Chặng 01": {
    "cycles": 0,
    "days": 1080,
    "firstDate": "2023-06-17",
    "lastDate": "2026-05-31",
    "referenceOnlyDays": 0,
  },
  "Chặng 02": {
    "reviewRequired": 0,
    "stockoutReasons": {
      "ALL_DAY_STOCKOUT_CANDIDATE": 4,
      "LATE_RECEIPT_STOCKOUT": 7,
    },
    "stockouts": 11,
  },
  "Chặng 03": {
    "baseDemandSum": 4380.5,
    "baseSources": {
      "CLEAN_OBSERVED_SALE": 1037,
      "PROMOTION_UNRESOLVED": 33,
      "STOCKOUT_BASELINE": 10,
    },
  },
  "Chặng 04": {
    "baseDemandSum": 4499,
    "baseSources": {
      "CLEAN_OBSERVED_SALE": 1037,
      "PROMOTION_BASELINE": 33,
      "STOCKOUT_BASELINE": 10,
    },
  },
  "Chặng 05": {
    "baseSources": {
      "CLEAN_OBSERVED_SALE": 1037,
      "PROMOTION_BASELINE": 33,
      "STOCKOUT_BASELINE": 10,
    },
    "technicalFillDays": 0,
    "unresolvedDays": 0,
  },
  "Chặng 06": {
    "cycles": [
      "#1 LOCKED_OBSERVED L B=21 clean=15 lift=0 promo=0 fill=0 fb=0 unres=0 src=15 season=1/1",
      "#2 LOCKED_OBSERVED L B=25 clean=15 lift=0 promo=0 fill=0 fb=0 unres=0 src=15 season=1/2",
      "#3 LOCKED_OBSERVED L B=30 clean=15 lift=0 promo=0 fill=0 fb=0 unres=0 src=15 season=1/3",
      "#4 LOCKED_OBSERVED L B=45 clean=15 lift=0 promo=0 fill=0 fb=0 unres=0 src=15 season=1/4",
      "#5 LOCKED_OBSERVED L B=63 clean=15 lift=0 promo=0 fill=0 fb=0 unres=0 src=15 season=1/5",
      "#6 LOCKED_ADJUSTED L B=95 clean=12 lift=0 promo=3 fill=0 fb=0 unres=0 src=15 season=1/6",
      "#7 LOCKED_OBSERVED L B=151 clean=15 lift=0 promo=0 fill=0 fb=0 unres=0 src=15 season=1/7",
      "#8 LOCKED_OBSERVED L B=213 clean=15 lift=0 promo=0 fill=0 fb=0 unres=0 src=15 season=1/8",
      "#9 LOCKED_OBSERVED L B=171 clean=15 lift=0 promo=0 fill=0 fb=0 unres=0 src=15 season=1/9",
      "#10 LOCKED_ADJUSTED L B=111 clean=14 lift=1 promo=0 fill=0 fb=0 unres=0 src=15 season=1/10",
      "#11 LOCKED_OBSERVED L B=71 clean=15 lift=0 promo=0 fill=0 fb=0 unres=0 src=15 season=1/11",
      "#12 LOCKED_ADJUSTED L B=48 clean=12 lift=0 promo=3 fill=0 fb=0 unres=0 src=15 season=1/12",
      "#13 LOCKED_OBSERVED L B=30 clean=15 lift=0 promo=0 fill=0 fb=0 unres=0 src=15 season=1/13",
      "#14 LOCKED_OBSERVED L B=26 clean=15 lift=0 promo=0 fill=0 fb=0 unres=0 src=15 season=1/14",
      "#15 LOCKED_ADJUSTED L B=19 clean=14 lift=1 promo=0 fill=0 fb=0 unres=0 src=15 season=1/15",
      "#16 LOCKED_OBSERVED L B=15 clean=15 lift=0 promo=0 fill=0 fb=0 unres=0 src=15 season=1/16",
      "#17 LOCKED_OBSERVED L B=19 clean=15 lift=0 promo=0 fill=0 fb=0 unres=0 src=15 season=1/17",
      "#18 LOCKED_ADJUSTED L B=29 clean=12 lift=0 promo=3 fill=0 fb=0 unres=0 src=15 season=1/18",
      "#19 LOCKED_ADJUSTED L B=37 clean=14 lift=1 promo=0 fill=0 fb=0 unres=0 src=15 season=1/19",
      "#20 LOCKED_OBSERVED L B=51 clean=15 lift=0 promo=0 fill=0 fb=0 unres=0 src=15 season=1/20",
      "#21 LOCKED_OBSERVED L B=62 clean=15 lift=0 promo=0 fill=0 fb=0 unres=0 src=15 season=1/21",
      "#22 LOCKED_OBSERVED L B=79 clean=15 lift=0 promo=0 fill=0 fb=0 unres=0 src=15 season=1/22",
      "#23 LOCKED_OBSERVED L B=57 clean=15 lift=0 promo=0 fill=0 fb=0 unres=0 src=15 season=1/23",
      "#24 LOCKED_ADJUSTED L B=33 clean=12 lift=0 promo=3 fill=0 fb=0 unres=0 src=15 season=1/24",
      "#25 LOCKED_OBSERVED L B=19 clean=15 lift=0 promo=0 fill=0 fb=0 unres=0 src=15 season=2/1",
      "#26 LOCKED_OBSERVED L B=26 clean=15 lift=0 promo=0 fill=0 fb=0 unres=0 src=15 season=2/2",
      "#27 LOCKED_OBSERVED L B=30 clean=15 lift=0 promo=0 fill=0 fb=0 unres=0 src=15 season=2/3",
      "#28 LOCKED_ADJUSTED L B=45 clean=14 lift=1 promo=0 fill=0 fb=0 unres=0 src=15 season=2/4",
      "#29 LOCKED_OBSERVED L B=63 clean=15 lift=0 promo=0 fill=0 fb=0 unres=0 src=15 season=2/5",
      "#30 LOCKED_ADJUSTED L B=96 clean=12 lift=0 promo=3 fill=0 fb=0 unres=0 src=15 season=2/6",
      "#31 LOCKED_OBSERVED L B=151 clean=15 lift=0 promo=0 fill=0 fb=0 unres=0 src=15 season=2/7",
      "#32 LOCKED_OBSERVED L B=221 clean=15 lift=0 promo=0 fill=0 fb=0 unres=0 src=15 season=2/8",
      "#33 LOCKED_OBSERVED L B=169 clean=15 lift=0 promo=0 fill=0 fb=0 unres=0 src=15 season=2/9",
      "#34 LOCKED_OBSERVED L B=115 clean=15 lift=0 promo=0 fill=0 fb=0 unres=0 src=15 season=2/10",
      "#35 LOCKED_OBSERVED L B=72 clean=15 lift=0 promo=0 fill=0 fb=0 unres=0 src=15 season=2/11",
      "#36 LOCKED_ADJUSTED L B=49.5 clean=12 lift=0 promo=3 fill=0 fb=0 unres=0 src=15 season=2/12",
      "#37 LOCKED_ADJUSTED L B=30 clean=14 lift=1 promo=0 fill=0 fb=0 unres=0 src=15 season=2/13",
      "#38 LOCKED_OBSERVED L B=23 clean=15 lift=0 promo=0 fill=0 fb=0 unres=0 src=15 season=2/14",
      "#39 LOCKED_OBSERVED L B=19 clean=15 lift=0 promo=0 fill=0 fb=0 unres=0 src=15 season=2/15",
      "#40 LOCKED_OBSERVED L B=15 clean=15 lift=0 promo=0 fill=0 fb=0 unres=0 src=15 season=2/16",
      "#41 LOCKED_OBSERVED L B=20 clean=15 lift=0 promo=0 fill=0 fb=0 unres=0 src=15 season=2/17",
      "#42 LOCKED_ADJUSTED L B=24 clean=12 lift=0 promo=3 fill=0 fb=0 unres=0 src=15 season=2/18",
      "#43 LOCKED_OBSERVED L B=33 clean=15 lift=0 promo=0 fill=0 fb=0 unres=0 src=15 season=2/19",
      "#44 LOCKED_OBSERVED L B=50 clean=15 lift=0 promo=0 fill=0 fb=0 unres=0 src=15 season=2/20",
      "#45 LOCKED_ADJUSTED L B=60 clean=14 lift=1 promo=0 fill=0 fb=0 unres=0 src=15 season=2/21",
      "#46 LOCKED_ADJUSTED L B=77 clean=14 lift=1 promo=0 fill=0 fb=0 unres=0 src=15 season=2/22",
      "#47 LOCKED_OBSERVED L B=55 clean=15 lift=0 promo=0 fill=0 fb=0 unres=0 src=15 season=2/23",
      "#48 LOCKED_ADJUSTED L B=36 clean=14 lift=0 promo=1 fill=0 fb=0 unres=0 src=15 season=2/24",
      "#49 LOCKED_ADJUSTED L B=19 clean=13 lift=0 promo=2 fill=0 fb=0 unres=0 src=15 season=3/1",
      "#50 LOCKED_OBSERVED L B=25 clean=15 lift=0 promo=0 fill=0 fb=0 unres=0 src=15 season=3/2",
      "#51 LOCKED_OBSERVED L B=30 clean=15 lift=0 promo=0 fill=0 fb=0 unres=0 src=15 season=3/3",
      "#52 LOCKED_OBSERVED L B=45 clean=15 lift=0 promo=0 fill=0 fb=0 unres=0 src=15 season=3/4",
      "#53 LOCKED_OBSERVED L B=62 clean=15 lift=0 promo=0 fill=0 fb=0 unres=0 src=15 season=3/5",
      "#54 LOCKED_OBSERVED L B=100 clean=15 lift=0 promo=0 fill=0 fb=0 unres=0 src=15 season=3/6",
      "#55 LOCKED_ADJUSTED L B=146.5 clean=11 lift=1 promo=3 fill=0 fb=0 unres=0 src=15 season=3/7",
      "#56 LOCKED_OBSERVED L B=223 clean=15 lift=0 promo=0 fill=0 fb=0 unres=0 src=15 season=3/8",
      "#57 LOCKED_OBSERVED L B=170 clean=15 lift=0 promo=0 fill=0 fb=0 unres=0 src=15 season=3/9",
      "#58 LOCKED_OBSERVED L B=113 clean=15 lift=0 promo=0 fill=0 fb=0 unres=0 src=15 season=3/10",
      "#59 LOCKED_OBSERVED L B=68 clean=15 lift=0 promo=0 fill=0 fb=0 unres=0 src=15 season=3/11",
      "#60 LOCKED_ADJUSTED L B=47 clean=14 lift=1 promo=0 fill=0 fb=0 unres=0 src=15 season=3/12",
      "#61 LOCKED_ADJUSTED L B=30 clean=12 lift=0 promo=3 fill=0 fb=0 unres=0 src=15 season=3/13",
      "#62 LOCKED_OBSERVED L B=26 clean=15 lift=0 promo=0 fill=0 fb=0 unres=0 src=15 season=3/14",
      "#63 LOCKED_OBSERVED L B=16 clean=15 lift=0 promo=0 fill=0 fb=0 unres=0 src=15 season=3/15",
      "#64 LOCKED_ADJUSTED L B=15 clean=14 lift=1 promo=0 fill=0 fb=0 unres=0 src=15 season=3/16",
      "#65 LOCKED_OBSERVED L B=21 clean=15 lift=0 promo=0 fill=0 fb=0 unres=0 src=15 season=3/17",
      "#66 LOCKED_OBSERVED L B=27 clean=15 lift=0 promo=0 fill=0 fb=0 unres=0 src=15 season=3/18",
      "#67 LOCKED_ADJUSTED L B=34 clean=12 lift=0 promo=3 fill=0 fb=0 unres=0 src=15 season=3/19",
      "#68 LOCKED_OBSERVED L B=52 clean=15 lift=0 promo=0 fill=0 fb=0 unres=0 src=15 season=3/20",
      "#69 LOCKED_OBSERVED L B=63 clean=15 lift=0 promo=0 fill=0 fb=0 unres=0 src=15 season=3/21",
      "#70 LOCKED_OBSERVED L B=77 clean=15 lift=0 promo=0 fill=0 fb=0 unres=0 src=15 season=3/22",
      "#71 LOCKED_OBSERVED L B=56 clean=15 lift=0 promo=0 fill=0 fb=0 unres=0 src=15 season=3/23",
      "#72 LOCKED_OBSERVED L B=34 clean=15 lift=0 promo=0 fill=0 fb=0 unres=0 src=15 season=3/24",
    ],
  },
  "Chặng 07": {
    "abc": "A",
    "abcOfficial": false,
    "abcRank": 2,
    "abcStatus": "full",
    "annualQuantity": 1499.5,
    "annualValue": 674775000,
    "annualizationFactor": 1,
    "cumulativeShare": 0.541558700934353,
    "lockedCycles": 24,
    "periodQuantity": 1499.5,
    "valueShare": 0.2222284691727498,
  },
  "Chặng 08": {
    "adi": 1,
    "classificationBlockReason": null,
    "classificationStatus": "CLASSIFIED",
    "cv2": 0.6941986108295966,
    "dSubtype": null,
    "m": 24,
    "n": 24,
    "xyz": "Y",
  },
  "Chặng 09": {
    "capitalPriority": "Rất cao",
    "serviceLevel": 95,
  },
  "Chặng 10": {
    "seasonality": "confirmed",
  },
  "Chặng 11": {
    "trend": "insufficient",
    "trendRates": [
      null,
      null,
    ],
  },
  "Chặng 12": {
    "baseForecast": [
      20.079109744207756,
      26.37658536936212,
      31.401959999135745,
      46.8961820490288,
      64.9851540254739,
      99.67188704039377,
    ],
    "bias": 0.006274648826609444,
    "controlModel": "Holt-Winters",
    "controlWape": 0.04730992187306655,
    "falsePulses": 0,
    "futureSources": null,
    "hitRate": 1,
    "lockStatus": "review",
    "missedPulses": 0,
    "model": "Holt-Winters",
    "nrmse": 0.05724089119399835,
    "pStar": null,
    "params": {
      "alpha": 0.5,
      "beta": 0.5,
      "gamma": 0.5,
    },
    "reason": "Nhóm Y có mùa vụ đủ căn cứ (C9) và Holt-Winters (WAPE 4.7%) thắng Holt/SES trên TEST → Holt-Winters [C11 §7, §4.3 bước 7].",
    "reliability": "ok",
    "rmse": 2.3141674582716476,
    "rpScan": [
      {
        "p": 2,
        "r": 0.53385809160054,
        "status": "below-threshold",
      },
      {
        "p": 3,
        "r": 0.1890258846101757,
        "status": "below-threshold",
      },
      {
        "p": 4,
        "r": -0.1188581436026409,
        "status": "below-threshold",
      },
      {
        "p": 5,
        "r": -0.34184009961909523,
        "status": "below-threshold",
      },
      {
        "p": 6,
        "r": -0.45527323955621946,
        "status": "below-threshold",
      },
      {
        "p": 7,
        "r": -0.47734989620000173,
        "status": "below-threshold",
      },
      {
        "p": 8,
        "r": -0.4057000685683813,
        "status": "below-threshold",
      },
      {
        "p": 9,
        "r": -0.2553999897160125,
        "status": "below-threshold",
      },
      {
        "p": 10,
        "r": -0.09623260548205473,
        "status": "below-threshold",
      },
      {
        "p": 11,
        "r": -0.01316248051916687,
        "status": "below-threshold",
      },
      {
        "p": 12,
        "r": 0.012162940902755015,
        "status": "below-threshold",
      },
    ],
    "wape": 0.04730992187306655,
    "wapePositive": 0.04730992187306655,
  },
  "Chặng 13": {
    "promoConfidence": "auto",
    "promoFactor": 1.5,
  },
  "Chặng 14": {
    "finalForecast": [
      20.079109744207756,
      30.772682930922475,
      31.401959999135745,
      46.8961820490288,
      75.81601302971956,
      99.67188704039377,
    ],
    "finalForecastStatus": "FUTURE_PROMO_APPLIED",
  },
  "Chặng 15": {
    "availableStockAudit": {
      "actualStock": 313,
      "availableStock": 313,
      "blockedStock": 0,
      "damagedStock": 0,
      "heldStock": 0,
      "mismatch": false,
      "unsellableStock": 0,
    },
    "excludedLots": [
      {
        "lotId": "SKU-002-LOT-3",
        "quantity": 50,
        "reason": "Đang đàm phán/lên kế hoạch — chưa được nhà cung cấp xác nhận, không cộng vào hàng tự do.",
        "reliability": "planned",
      },
    ],
    "freeStock": 499,
    "supplyMilestones": [
      {
        "committed": 0,
        "confirmedInbound": 0,
        "date": "2026-06-01",
        "freeStock": 313,
        "label": "Ngày chạy kế hoạch",
        "onHand": 313,
      },
      {
        "committed": 14,
        "confirmedInbound": 0,
        "date": "2026-06-16",
        "freeStock": 299,
        "label": "Đơn giữ hàng/điều chuyển",
        "onHand": 313,
      },
      {
        "committed": 14,
        "confirmedInbound": 120,
        "date": "2026-07-16",
        "freeStock": 419,
        "label": "Lô đã xác nhận ETA",
        "onHand": 313,
      },
      {
        "committed": 24,
        "confirmedInbound": 120,
        "date": "2026-07-31",
        "freeStock": 409,
        "label": "Cam kết kênh bán",
        "onHand": 313,
      },
      {
        "committed": 24,
        "confirmedInbound": 120,
        "date": "2026-08-15",
        "freeStock": 409,
        "label": "Lô đang đàm phán — không cộng",
        "onHand": 313,
      },
      {
        "committed": 24,
        "confirmedInbound": 210,
        "date": "2026-09-14",
        "freeStock": 499,
        "label": "Lô bổ sung kế tiếp",
        "onHand": 313,
      },
    ],
    "supplyStatus": {
      "pendingVerification": false,
      "reasons": [],
    },
  },
  "Chặng 16": {
    "safetyStock": 21,
    "safetyStockAudit": {
      "dBar": 50.77297246556802,
      "formula": "full",
      "ltBarCycles": 9,
      "ltBarDays": 135,
      "maxProtectable": 680,
      "method": "percentile",
      "percentileSample": [
        15.911240638432037,
        17.544839366882634,
        18.988129013839313,
        19.349367985071794,
        19.93415133177424,
        20.626984184395077,
      ],
      "protection": 21,
      "serviceLevel": 95,
      "serviceLevelSearch": [
        {
          "candidate": 95,
          "failedConditions": [
            "Điều kiện 2 — tỷ lệ vượt tồn an toàn 17% cao hơn ngưỡng 5%.",
          ],
          "passed": false,
        },
        {
          "candidate": 97,
          "failedConditions": [
            "Điều kiện 2 — tỷ lệ vượt tồn an toàn 17% cao hơn ngưỡng 5%.",
          ],
          "passed": false,
        },
        {
          "candidate": 97.5,
          "failedConditions": [
            "Điều kiện 2 — tỷ lệ vượt tồn an toàn 17% cao hơn ngưỡng 5%.",
          ],
          "passed": false,
        },
        {
          "candidate": 99,
          "failedConditions": [
            "Điều kiện 2 — tỷ lệ vượt tồn an toàn 17% cao hơn ngưỡng 5%.",
          ],
          "passed": false,
        },
      ],
      "sigmaD": 2.3870528923785153,
      "sigmaDObservationCount": 14,
      "sigmaDSource": "backtest",
      "sigmaLtCycles": 1.2,
      "sigmaLtDays": 18,
      "sourceTier": "sku-history",
      "unfeasiblePolicy": true,
      "unmetProtection": 0,
      "warnings": [
        "Không mức phục vụ nào trong danh sách dò đạt đủ 4 điều kiện chính sách; giữ mức sàn Chặng 8 và cần duyệt ngoại lệ.",
      ],
      "z": 1.65,
    },
  },
  "Chặng 17": {
    "capacityRisk": false,
    "cartonsOrdered": 0,
    "consolidationStatus": "not-applicable",
    "coverageCycles": 6,
    "coverageDays": 150,
    "daysToStockout": null,
    "demandCover": 304.6378347934081,
    "expiryRisk": false,
    "freeStock": 499,
    "moq": 36,
    "moqSurplus": 0,
    "orderQuantity": 0,
    "rawQuantity": 0,
    "shortageBeforeNewLot": 0,
    "warnings": [],
  },
  "Chặng 18": {
    "additionalForProtection": 0,
    "atRiskQuantity": 0,
    "basket": 1,
    "cutQuantity": 0,
    "fundedQuantity": 0,
    "fundedValue": 0,
    "landedCostIsEstimate": true,
    "minimumToAvoidShortage": 0,
    "orderValue": 0,
    "overBudgetProposal": null,
    "priorityRank": 1,
    "reason": "Không có số đặt cần cấp vốn.",
    "status": "out-of-scope",
  },
  "Chặng 19": {
    "duplicateReleaseBlocked": false,
    "purchaseOrderGroupKey": null,
    "quantityAfterApproval": 0,
    "quantityBeforeApproval": 0,
    "reasons": [
      "Không mức phục vụ nào trong danh sách dò đạt đủ 4 điều kiện chính sách; giữ mức sàn Chặng 8 và cần duyệt ngoại lệ.",
    ],
    "releasedQuantity": 0,
    "status": "not-issued",
  },
  "Chặng 20": {
    "actualDemand": 295,
    "averageReceiptDelayDays": 2.3333333333333335,
    "baseForecastBias": 0.01563660939880037,
    "baseForecastNrmse": 0.026864100014924813,
    "baseForecastRmse": 1.3096248757275846,
    "baseForecastWape": 0.02508163766333621,
    "budgetCutUnits": 0,
    "budgetVariance": -13104000,
    "contributingCauses": [],
    "endingStock": 27,
    "evidence": [
      "Sai số WAPE dự báo cuối: 3.9%.",
      "Thiếu hàng thực tế: 0 sản phẩm.",
      "Trễ nhận hàng bình quân: 2.3 ngày.",
      "Ngân sách bị cắt: 0 sản phẩm · Giảm do duyệt thủ công: 0 sản phẩm.",
    ],
    "finalForecastBias": 0.03267062641833256,
    "finalForecastNrmse": 0.04479980968501783,
    "finalForecastRmse": 2.2026573095133766,
    "forecastWape": 0.038913950186415566,
    "leadTimeActualDays": 137.33333333333334,
    "manualReductionUnits": 0,
    "moqSurplusResidual": 0,
    "primaryCause": "Chưa đủ dấu hiệu để quy nguyên nhân; tiếp tục theo dõi.",
    "proposal": "Giữ chính sách hiện tại và tiếp tục thu thập kết quả thực tế.",
    "proposalStatus": "monitor",
    "receiptDelayDaysVsPlan": 2.3333333333333335,
    "stockoutUnits": 0,
  },
}
`;

exports[`Golden regression — baseline 20 chặng (mock, deterministic) > fingerprint 20 chặng của SKU-003 khớp baseline 1`] = `
{
  "Chặng 01": {
    "cycles": 0,
    "days": 360,
    "firstDate": "2025-06-06",
    "lastDate": "2026-05-31",
    "referenceOnlyDays": 0,
  },
  "Chặng 02": {
    "reviewRequired": 0,
    "stockoutReasons": {
      "ALL_DAY_STOCKOUT_CANDIDATE": 1,
      "LATE_RECEIPT_STOCKOUT": 2,
    },
    "stockouts": 3,
  },
  "Chặng 03": {
    "baseDemandSum": 711,
    "baseSources": {
      "CLEAN_OBSERVED_SALE": 347,
      "PROMOTION_UNRESOLVED": 11,
      "STOCKOUT_BASELINE": 2,
    },
  },
  "Chặng 04": {
    "baseDemandSum": 711,
    "baseSources": {
      "CLEAN_OBSERVED_SALE": 347,
      "PROMOTION_BASELINE": 11,
      "STOCKOUT_BASELINE": 2,
    },
  },
  "Chặng 05": {
    "baseSources": {
      "CLEAN_OBSERVED_SALE": 347,
      "PROMOTION_BASELINE": 11,
      "STOCKOUT_BASELINE": 2,
    },
    "technicalFillDays": 0,
    "unresolvedDays": 0,
  },
  "Chặng 06": {
    "cycles": [
      "#1 LOCKED_ADJUSTED L B=0 clean=13 lift=0 promo=2 fill=0 fb=0 unres=0 src=15 season=1/1",
      "#2 LOCKED_OBSERVED L B=0 clean=15 lift=0 promo=0 fill=0 fb=0 unres=0 src=15 season=1/2",
      "#3 LOCKED_OBSERVED L B=91 clean=15 lift=0 promo=0 fill=0 fb=0 unres=0 src=15 season=1/3",
      "#4 LOCKED_OBSERVED L B=0 clean=15 lift=0 promo=0 fill=0 fb=0 unres=0 src=15 season=1/4",
      "#5 LOCKED_OBSERVED L B=0 clean=15 lift=0 promo=0 fill=0 fb=0 unres=0 src=15 season=1/5",
      "#6 LOCKED_OBSERVED L B=91 clean=15 lift=0 promo=0 fill=0 fb=0 unres=0 src=15 season=1/6",
      "#7 LOCKED_ADJUSTED L B=0 clean=12 lift=0 promo=3 fill=0 fb=0 unres=0 src=15 season=1/7",
      "#8 LOCKED_OBSERVED L B=0 clean=15 lift=0 promo=0 fill=0 fb=0 unres=0 src=15 season=1/8",
      "#9 LOCKED_OBSERVED L B=86 clean=15 lift=0 promo=0 fill=0 fb=0 unres=0 src=15 season=1/9",
      "#10 LOCKED_ADJUSTED L B=0 clean=14 lift=1 promo=0 fill=0 fb=0 unres=0 src=15 season=1/10",
      "#11 LOCKED_OBSERVED L B=0 clean=15 lift=0 promo=0 fill=0 fb=0 unres=0 src=15 season=1/11",
      "#12 LOCKED_OBSERVED L B=93 clean=15 lift=0 promo=0 fill=0 fb=0 unres=0 src=15 season=1/12",
      "#13 LOCKED_ADJUSTED L B=0 clean=12 lift=0 promo=3 fill=0 fb=0 unres=0 src=15 season=1/13",
      "#14 LOCKED_OBSERVED L B=0 clean=15 lift=0 promo=0 fill=0 fb=0 unres=0 src=15 season=1/14",
      "#15 LOCKED_ADJUSTED L B=81 clean=14 lift=1 promo=0 fill=0 fb=0 unres=0 src=15 season=1/15",
      "#16 LOCKED_OBSERVED L B=0 clean=15 lift=0 promo=0 fill=0 fb=0 unres=0 src=15 season=1/16",
      "#17 LOCKED_OBSERVED L B=0 clean=15 lift=0 promo=0 fill=0 fb=0 unres=0 src=15 season=1/17",
      "#18 LOCKED_OBSERVED L B=88 clean=15 lift=0 promo=0 fill=0 fb=0 unres=0 src=15 season=1/18",
      "#19 LOCKED_ADJUSTED L B=0 clean=12 lift=0 promo=3 fill=0 fb=0 unres=0 src=15 season=1/19",
      "#20 LOCKED_OBSERVED L B=0 clean=15 lift=0 promo=0 fill=0 fb=0 unres=0 src=15 season=1/20",
      "#21 LOCKED_OBSERVED L B=91 clean=15 lift=0 promo=0 fill=0 fb=0 unres=0 src=15 season=1/21",
      "#22 LOCKED_OBSERVED L B=0 clean=15 lift=0 promo=0 fill=0 fb=0 unres=0 src=15 season=1/22",
      "#23 LOCKED_OBSERVED L B=0 clean=15 lift=0 promo=0 fill=0 fb=0 unres=0 src=15 season=1/23",
      "#24 LOCKED_OBSERVED L B=90 clean=15 lift=0 promo=0 fill=0 fb=0 unres=0 src=15 season=1/24",
    ],
  },
  "Chặng 07": {
    "abc": "C",
    "abcOfficial": false,
    "abcRank": 5,
    "abcStatus": "full",
    "annualQuantity": 711,
    "annualValue": 227520000,
    "annualizationFactor": 1,
    "cumulativeShare": 0.9088387737084515,
    "lockedCycles": 24,
    "periodQuantity": 711,
    "valueShare": 0.07493078627125195,
  },
  "Chặng 08": {
    "adi": 3,
    "classificationBlockReason": null,
    "classificationStatus": "CLASSIFIED",
    "cv2": 0.0016280233659927085,
    "dSubtype": null,
    "m": 8,
    "n": 24,
    "xyz": "Z",
  },
  "Chặng 09": {
    "capitalPriority": "Rất thấp",
    "serviceLevel": 80,
  },
  "Chặng 10": {
    "seasonality": "not-applicable",
  },
  "Chặng 11": {
    "trend": "insufficient",
    "trendRates": [
      null,
      null,
    ],
  },
  "Chặng 12": {
    "baseForecast": [
      0,
      0,
      90.5,
      0,
      0,
      90.5,
    ],
    "bias": 0,
    "controlModel": null,
    "controlWape": null,
    "falsePulses": 0,
    "futureSources": null,
    "hitRate": 1,
    "lockStatus": "review",
    "missedPulses": 0,
    "model": "PulseRhythm",
    "nrmse": 0.007813334598746382,
    "pStar": null,
    "params": {
      "D": 3,
      "Q": 90.5,
    },
    "reason": "Nhóm Z, nhịp phát sinh ổn định → mô hình nhịp [C11 §8.6].",
    "reliability": "ok",
    "rmse": 0.3535533905932738,
    "rpScan": null,
    "wape": 0.0055248618784530384,
    "wapePositive": 0.0055248618784530384,
  },
  "Chặng 13": {
    "promoConfidence": "blocked",
    "promoFactor": null,
  },
  "Chặng 14": {
    "finalForecast": [
      0,
      0,
      90.5,
      0,
      0,
      90.5,
    ],
    "finalForecastStatus": "PASSTHROUGH_NO_FUTURE_PROMO",
  },
  "Chặng 15": {
    "availableStockAudit": {
      "actualStock": 209,
      "availableStock": 209,
      "blockedStock": 0,
      "damagedStock": 0,
      "heldStock": 0,
      "mismatch": false,
      "unsellableStock": 0,
    },
    "excludedLots": [
      {
        "lotId": "SKU-003-LOT-3",
        "quantity": 50,
        "reason": "Đang đàm phán/lên kế hoạch — chưa được nhà cung cấp xác nhận, không cộng vào hàng tự do.",
        "reliability": "planned",
      },
    ],
    "freeStock": 428,
    "supplyMilestones": [
      {
        "committed": 0,
        "confirmedInbound": 0,
        "date": "2026-06-01",
        "freeStock": 209,
        "label": "Ngày chạy kế hoạch",
        "onHand": 209,
      },
      {
        "committed": 15,
        "confirmedInbound": 0,
        "date": "2026-06-16",
        "freeStock": 194,
        "label": "Đơn giữ hàng/điều chuyển",
        "onHand": 209,
      },
      {
        "committed": 15,
        "confirmedInbound": 140,
        "date": "2026-07-16",
        "freeStock": 334,
        "label": "Lô đã xác nhận ETA",
        "onHand": 209,
      },
      {
        "committed": 26,
        "confirmedInbound": 140,
        "date": "2026-07-31",
        "freeStock": 323,
        "label": "Cam kết kênh bán",
        "onHand": 209,
      },
      {
        "committed": 26,
        "confirmedInbound": 140,
        "date": "2026-08-15",
        "freeStock": 323,
        "label": "Lô đang đàm phán — không cộng",
        "onHand": 209,
      },
      {
        "committed": 26,
        "confirmedInbound": 245,
        "date": "2026-09-14",
        "freeStock": 428,
        "label": "Lô bổ sung kế tiếp",
        "onHand": 209,
      },
    ],
    "supplyStatus": {
      "pendingVerification": false,
      "reasons": [],
    },
  },
  "Chặng 16": {
    "safetyStock": 47,
    "safetyStockAudit": {
      "dBar": 30.166666666666668,
      "formula": "full",
      "ltBarCycles": 7,
      "ltBarDays": 105,
      "maxProtectable": 760,
      "method": "z-formula",
      "percentileSample": null,
      "protection": 47,
      "serviceLevel": 90,
      "serviceLevelSearch": [
        {
          "candidate": 90,
          "failedConditions": [],
          "passed": true,
        },
        {
          "candidate": 92,
          "failedConditions": [],
          "passed": true,
        },
        {
          "candidate": 95,
          "failedConditions": [],
          "passed": true,
        },
        {
          "candidate": 97,
          "failedConditions": [],
          "passed": true,
        },
        {
          "candidate": 97.5,
          "failedConditions": [],
          "passed": true,
        },
        {
          "candidate": 99,
          "failedConditions": [],
          "passed": true,
        },
      ],
      "sigmaD": 0.408248290463863,
      "sigmaDObservationCount": 4,
      "sigmaDSource": "backtest",
      "sigmaLtCycles": 1.2,
      "sigmaLtDays": 18,
      "sourceTier": "policy-fallback",
      "unfeasiblePolicy": false,
      "unmetProtection": 0,
      "warnings": [],
      "z": 1.28,
    },
  },
  "Chặng 17": {
    "capacityRisk": false,
    "cartonsOrdered": 0,
    "consolidationStatus": "not-applicable",
    "coverageCycles": 6,
    "coverageDays": 120,
    "daysToStockout": null,
    "demandCover": 181,
    "expiryRisk": false,
    "freeStock": 428,
    "moq": 48,
    "moqSurplus": 0,
    "orderQuantity": 0,
    "rawQuantity": 0,
    "shortageBeforeNewLot": 0,
    "warnings": [],
  },
  "Chặng 18": {
    "additionalForProtection": 0,
    "atRiskQuantity": 0,
    "basket": 1,
    "cutQuantity": 0,
    "fundedQuantity": 0,
    "fundedValue": 0,
    "landedCostIsEstimate": true,
    "minimumToAvoidShortage": 0,
    "orderValue": 0,
    "overBudgetProposal": null,
    "priorityRank": 6,
    "reason": "Không có số đặt cần cấp vốn.",
    "status": "out-of-scope",
  },
  "Chặng 19": {
    "duplicateReleaseBlocked": false,
    "purchaseOrderGroupKey": null,
    "quantityAfterApproval": 0,
    "quantityBeforeApproval": 0,
    "reasons": [
      "Kế hoạch CTKM có hiệu lực nhưng hệ số đang BLOCKED/MANUAL_ONLY; giữ dự báo nền và chờ xử lý.",
    ],
    "releasedQuantity": 0,
    "status": "not-issued",
  },
  "Chặng 20": {
    "actualDemand": 184,
    "averageReceiptDelayDays": 2.3333333333333335,
    "baseForecastBias": -0.016304347826086956,
    "baseForecastNrmse": 0.02771206257387383,
    "baseForecastRmse": 1.2747548783981961,
    "baseForecastWape": 0.016304347826086956,
    "budgetCutUnits": 0,
    "budgetVariance": -16192000,
    "contributingCauses": [],
    "endingStock": 28,
    "evidence": [
      "Sai số WAPE dự báo cuối: 1.6%.",
      "Thiếu hàng thực tế: 0 sản phẩm.",
      "Trễ nhận hàng bình quân: 2.3 ngày.",
      "Ngân sách bị cắt: 0 sản phẩm · Giảm do duyệt thủ công: 0 sản phẩm.",
    ],
    "finalForecastBias": -0.016304347826086956,
    "finalForecastNrmse": 0.03394020651303477,
    "finalForecastRmse": 1.0408329997330663,
    "forecastWape": 0.016304347826086956,
    "leadTimeActualDays": 107.33333333333333,
    "manualReductionUnits": 0,
    "moqSurplusResidual": 0,
    "primaryCause": "Chưa đủ dấu hiệu để quy nguyên nhân; tiếp tục theo dõi.",
    "proposal": "Giữ chính sách hiện tại và tiếp tục thu thập kết quả thực tế.",
    "proposalStatus": "monitor",
    "receiptDelayDaysVsPlan": 2.3333333333333335,
    "stockoutUnits": 0,
  },
}
`;

exports[`Golden regression — baseline 20 chặng (mock, deterministic) > phân loại + phát hành của TOÀN danh mục mock khớp baseline 1`] = `
[
  "SKU-001 B/X SL=— release=—",
  "SKU-002 A/Y SL=— release=—",
  "SKU-003 C/Z SL=— release=—",
  "SKU-004 A/X SL=— release=—",
  "SKU-005 A/X SL=— release=—",
  "SKU-006 C/CLASSIFICATION_BLOCKED SL=— release=—",
  "SKU-007 C/Y SL=— release=—",
  "SKU-008 C/X SL=— release=—",
  "SKU-009 C/Y SL=— release=—",
  "SKU-010 C/CLASSIFICATION_BLOCKED SL=— release=—",
  "SKU-011 N/A/D(D_NEW) SL=— release=—",
  "SKU-012 N/A/D(D_EXTRACT_TRUNCATED) SL=— release=—",
  "SKU-013 N/A/D(D_EXTRACT_TRUNCATED) SL=— release=—",
  "SKU-014 C/NO_POSITIVE_DEMAND_REVIEW SL=— release=—",
]
`;

exports[`Golden regression — baseline 20 chặng (mock, deterministic) > summary toàn danh mục của từng chặng khớp baseline 1`] = `
{
  "Chặng 01": {
    "Bắt đầu lịch sử": "2023-01-01",
    "CONFIRMED_ZERO": 0,
    "Chu kỳ đầy đủ N": 83,
    "Kết thúc lịch sử": "2026-05-31",
    "Nguồn dữ liệu": "Dữ liệu giả",
    "Ngày dư r": 2,
    "RECORDED_SALE": 5865,
    "SKU": 14,
    "SOURCE_DATA_GAP": 0,
    "Tổng ngày D": 1247,
  },
  "Chặng 02": {
    "ALL_DAY_STOCKOUT_CANDIDATE": 116,
    "DEPLETION_REVIEW": 0,
    "LATE_RECEIPT_STOCKOUT": 35,
    "NEGATIVE_STOCK_REVIEW": 0,
  },
  "Chặng 03": {
    "Ngày stockout chưa giải quyết": 14,
    "Ngày stockout có nền": 129,
  },
  "Chặng 04": {
    "Mã CTKM": 1,
    "Ngày KM chuẩn hóa": 175,
    "Ngày chờ phân loại CTKM": 0,
    "Ngày không xác định được nền": 0,
  },
  "Chặng 05": {
    "Ngày chưa đủ căn cứ": 14,
    "Ngày được bổ sung": 0,
    "Số 0 thật được giữ nguyên": 0,
  },
  "Chặng 06": {
    "BASELINE_UNRESOLVED": 0,
    "BLOCKED_NO_VALID_BASELINE": 0,
    "Chu kỳ 0 ngày có nền": 0,
    "Chu kỳ lấp Tầng 2": 0,
    "Chu kỳ thiếu một phần nền": 2,
    "Chu kỳ đã khóa": 389,
    "LOCKED_ADJUSTED": 111,
    "LOCKED_FALLBACK": 0,
    "LOCKED_OBSERVED": 278,
    "NO_SOURCE_RECORD": 0,
    "Ngoại lệ cấp chu kỳ (RULE-05-006)": 2,
    "Ngày được lấp kỹ thuật": 0,
    "PARTIAL_BASELINE": 2,
  },
  "Chặng 07": {
    "ANNUALIZED_WITH_GAPS": 4,
    "Chưa xếp hạng": 3,
    "FULL_COVERAGE (24/24)": 7,
    "NOT_RATED (<6 CK khóa)": 3,
    "Nhóm A": 3,
    "Nhóm B": 1,
    "Nhóm C": 7,
    "SKU ABC chính thức": 0,
    "SKU chỉ xếp hạng mô phỏng": 14,
  },
  "Chặng 08": {
    "Chặn phân loại (đứt quãng)": 2,
    "Không có nhu cầu dương": 1,
    "Nhóm D": 3,
    "Nhóm X": 4,
    "Nhóm Y": 3,
    "Nhóm Z": 1,
  },
  "Chặng 09": {
    "Chính sách D/ngoại lệ": 6,
    "Phiên chính sách": "DP-2026.06-v1",
    "Ô ma trận đã khóa": 8,
  },
  "Chặng 10": {
    "CK khóa - fallback mùa vụ (LOCKED_FALLBACK)": 0,
    "CK khóa - quan sát thuần (LOCKED_OBSERVED)": 278,
    "CK khóa - đã điều chỉnh (LOCKED_ADJUSTED)": 111,
    "Không mùa vụ rõ": 0,
    "Mùa vụ xác nhận": 1,
    "Thiếu cấu trúc": 2,
  },
  "Chặng 11": {
    "CK khóa - fallback mùa vụ (LOCKED_FALLBACK)": 0,
    "CK khóa - quan sát thuần (LOCKED_OBSERVED)": 278,
    "CK khóa - đã điều chỉnh (LOCKED_ADJUSTED)": 111,
    "Không xu hướng": 1,
    "Xu hướng giảm": 0,
    "Xu hướng tăng": 0,
  },
  "Chặng 12": {
    "CK khóa - fallback mùa vụ (LOCKED_FALLBACK)": 0,
    "CK khóa - quan sát thuần (LOCKED_OBSERVED)": 278,
    "CK khóa - đã điều chỉnh (LOCKED_ADJUSTED)": 111,
    "Chuỗi học bị đứt quãng": 2,
    "Cần kiểm tra": 14,
    "Mô hình đã khóa": 0,
    "Tầm dự báo": "6 chu kỳ",
  },
  "Chặng 13": {
    "Bị chặn": 5,
    "Cần duyệt": 1,
    "Hệ số tự khóa": 5,
    "Không có mẫu": 3,
  },
  "Chặng 14": {
    "Chu kỳ tương lai": 6,
    "Kế hoạch KM đã xác nhận": 26,
    "Nhánh áp K NOT_EVALUATED": 8,
    "PASSTHROUGH_NO_FUTURE_PROMO": 9,
    "SKU cần duyệt K": 1,
  },
  "Chặng 15": {
    "Lô bị loại": 13,
    "Mốc nguồn hàng": 79,
    "SKU chờ kiểm tra nguồn hàng": 0,
    "SKU có vị thế tồn": 14,
    "Trạng thái vận hành": "SIMULATION_ONLY",
  },
  "Chặng 16": {
    "Dò theo percentile": 4,
    "Dùng công thức Z×√(...)": 4,
    "SKU đã tính SS": 8,
    "Trạng thái vận hành": "SIMULATION_ONLY",
    "Đơn vị LT": "chu kỳ 15 ngày",
  },
  "Chặng 17": {
    "Dòng thiếu điều kiện": 9,
    "SKU có nguy cơ thiếu trước lô mới": 3,
    "Trạng thái vận hành": "SIMULATION_ONLY",
    "Tổng số cần trước làm tròn": 293,
    "Tổng số đặt sau MOQ": 294,
  },
  "Chặng 18": {
    "Dòng bị cắt/hoãn": 0,
    "Ngân sách kỳ": 4000000000,
    "Ngân sách đã cấp": 18360000,
    "Trạng thái vận hành": "SIMULATION_ONLY",
    "Tổng giá trị đề xuất": 18360000,
    "Đề xuất vượt ngân sách": 0,
  },
  "Chặng 19": {
    "Dòng chờ bổ sung": 0,
    "Dòng chờ duyệt": 3,
    "Dòng không phát hành": 11,
    "Dòng phát hành": 0,
    "Trạng thái vận hành": "SIMULATION_ONLY",
  },
  "Chặng 20": {
    "SKU phát sinh thiếu hàng": 5,
    "Trạng thái vận hành": "SIMULATION_ONLY",
    "WAPE danh mục": 0.3031599834201951,
    "Đề xuất cho phiên tương lai": 6,
  },
}
`;
